Removed Pin From Net: NetName=GND_1 Pin=C2-2
Removed Pin From Net: NetName=GND_2 Pin=C15-2
Removed Pin From Net: NetName=GND_1 Pin=C25-1
Removed Pin From Net: NetName=GND_1 Pin=C26-1
Removed Pin From Net: NetName=GND_1 Pin=C31-2
Removed Pin From Net: NetName=GND_1 Pin=C32-2
Removed Pin From Net: NetName=GND_1 Pin=PS3-5
Removed Pin From Net: NetName=24V_IN Pin=PS4-1
Removed Pin From Net: NetName=GND_IN Pin=PS4-2
Removed Pin From Net: NetName=GND_2 Pin=PS4-5
Added Pin To Net: NetName=GND Pin=C2-2
Added Pin To Net: NetName=+5V_1 Pin=C15-1
Added Pin To Net: NetName=GND Pin=C15-2
Added Pin To Net: NetName=GND Pin=C25-1
Added Pin To Net: NetName=GND Pin=C26-1
Added Pin To Net: NetName=GND Pin=C31-2
Added Pin To Net: NetName=GND Pin=C32-2
Added Pin To Net: NetName=+5V_1 Pin=D5-1
Added Pin To Net: NetName=-5V_1 Pin=D6-2
Added Pin To Net: NetName=+5V_1 Pin=D7-1
Added Pin To Net: NetName=-5V_1 Pin=D8-2
Added Pin To Net: NetName=+5V_1 Pin=IC2-3
Added Pin To Net: NetName=-5V_1 Pin=IC2-6
Added Pin To Net: NetName=+5V_1 Pin=IC2-7
Added Pin To Net: NetName=GND Pin=PS3-5
Change Net Name : Old Net Name=+5V_1 New Net Name=+5V
Change Net Name : Old Net Name=-5V_1 New Net Name=-5V
Add Class: Class already exists: Power Supply
Add Class: Class already exists: Signal Conditioning
